{
  "timestamp": 1696773330789,
  "status": 404,
  "error": "Not Found",
  "path": "/products/35455/brands/1/mmm"
}