{
  "timestamp": 1696773018159,
  "status": 404,
  "error": "Not Found",
  "path": "/products/777"
}