{
  "timestamp": 1696773740073,
  "status": 324,
  "error": "No se aplica ninguna tarifa",
  "path": "/products/354557777/brands/13"
}