{
  "start_date": "2020-06-14-00:00:00",
  "end_date": "2020-12-31-23:59:59",
  "product_id": "35455",
  "tarifa_id": 1,
  "cadena_id": "1",
  "price": "35.50 EUR"
}