{
  "startDate": "2020-06-14-15:00:00",
  "endDate": "2020-06-14-18:30:00",
  "tarifa_id": 2,
  "cadena_id": "1",
  "product_id": "35455",
  "price": "25.45 EUR"
}