{
  "startDate": "2020-06-15-00:00:00",
  "endDate": "2020-06-15-11:00:00",
  "tarifa_id": 3,
  "cadena_id": "1",
  "product_id": "35455",
  "price": "30.50 EUR"
}