{
  "startDate": "2020-06-15-16:00:00",
  "endDate": "2020-12-31-23:59:59",
  "tarifa_id": 4,
  "cadena_id": "1",
  "product_id": "35455",
  "price": "38.95 EUR"
}